=== v2 coverage check — run provenance ===
date            : 2026-09-18T00:39:04Z
repo commit     : e760897ff0359814cbb60b753dd956adfbebea71
branch          : Nolan-Work
working tree    : 0 modified files (0 = clean)
node            : v22.20.0
script sha256   : 4f71927cc59e22bb4fa1dfd3ea6ebf93f04cbe6cc3e805d6ea2d35eed0f8c2f0
frozen v2 sha256: 3a41980dbf1efb89843ca4a9a3a174206a2911044cbde41dd669d6781c9ba751
frozen v2 hash  : bbf076741c23703c66ac74008c9ffde282cb958d1eb779549bc64fc1ba31a95f
corpus          : scripts/data/elm-archetype-corpus-v2.json 464 train rows
library         : {'name': '@astermind/astermind-community', 'version': '3.0.0'}
invocation      : node --max-old-space-size=6144 scripts/elm-coverage-check.mjs --frozen=scripts/data/elm-frozen-model-v2.json
note            : script UNMODIFIED at HEAD; only node's heap ceiling raised (a limit, not an allocation)
=== run output ===
✅ TFIDFVectorizer vocabulary capped at: 2890 terms.
Frozen-tier coverage check — no ground truth required
  model bbf076741c23703c…  operating point B+su
  spec  ELM 4096 / tanh
  trained on scripts/data/elm-archetype-corpus-v2.json  (464 rows)

  held-out split — n-dx-1 + AsterMind-Community-Edition + express + fastify + commerce + got + core  [DEV, trained-on ecosystems]  (n=160)
    ELM predicts service/utility   73.8%      teacher says 62.5%
    distinct labels used: ELM 10 vs teacher 15
    COVERAGE  33.8%   K1' (>=30%): PASS
    ELM mix: utility 84, service 34, entrypoint 21, types 6, test-helper 5, component 3, gateway 2, middleware 2, route-handler 2, config 1

  gold set #2 packet — hono + trpc  [FRESH ecosystems]  (n=250)
    ELM predicts service/utility   80.0%      teacher says 48.4%
    distinct labels used: ELM 7 vs teacher 13
    COVERAGE  28.0%   K1' (>=30%): FAIL
    ELM mix: utility 181, entrypoint 22, types 19, service 19, route-handler 5, middleware 3, test-helper 1

    hono only  (n=81)
    ELM predicts service/utility   71.6%      teacher says 45.7%
    distinct labels used: ELM 6 vs teacher 8
    COVERAGE  35.8%   K1' (>=30%): PASS
    ELM mix: utility 57, types 18, middleware 3, entrypoint 1, test-helper 1, service 1

    trpc only  (n=169)
    ELM predicts service/utility   84.0%      teacher says 49.7%
    distinct labels used: ELM 5 vs teacher 12
    COVERAGE  24.3%   K1' (>=30%): FAIL
    ELM mix: utility 124, entrypoint 21, service 18, route-handler 5, types 1

  ── The finding ────────────────────────────────────────────────────
  coverage  33.8% on trained-on ecosystems  ->  28.0% on fresh ones
  the model's class prior tracks the teacher where it was trained (73.8% vs 62.5%)
  and collapses where it was not (80.0% vs 48.4%).
  It learned this corpus's archetype prior, not a general path->archetype mapping.

  Consequence: K1' is a property of (model, repo), not of the model alone.
  That is a limitation of K1' as proposed, and it is recorded rather than buried.
EXIT=0
