=== GUARD: v2's 160 held-out files vs frozen v3-classtargeted (>= 31.8%) — provenance ===
date            : 2026-09-23T00:27:57Z
repo commit     : c2c0b3edb215fe0da36e154b1d99574a5b26c5ac  (tree: 0 modified)
node            : v22.20.0
script sha256   : 4f71927cc59e22bb4fa1dfd3ea6ebf93f04cbe6cc3e805d6ea2d35eed0f8c2f0  (UNMODIFIED at HEAD)
frozen          : scripts/data/elm-frozen-model-v3-classtargeted.json
frozen sha256   : d3e88fb80a151b078917d2d663911dfa24074377a9694c4ab954832744ddeff3
frozen hash     : ff5d05cc31c4d3350b39b36fa6cc6e096711ebfdb45acd44275932f07e721e39
trained on      : scripts/data/elm-archetype-corpus-v3-classtargeted.json 1642 rows
guard input     : /Users/nolanmoore/n-dx-elm-logs/guard-v2-heldout-160/.sourcevision/classifications.json sha256 0e48a1d8c2751fc166f263cd5bc1a34004c849d54071332cfc5e67fc80daff7b (exactly corpus v2 heldOut, 160 rows)
invocation      : node --max-old-space-size=6144 scripts/elm-coverage-check.mjs --frozen=scripts/data/elm-frozen-model-v3-classtargeted.json /Users/nolanmoore/n-dx-elm-logs/guard-v2-heldout-160
caveat          : coverage-check does not verify refitFingerprint; refit is faithful by construction, not verified
=== run output ===
✅ TFIDFVectorizer vocabulary capped at: 4000 terms.
Frozen-tier coverage check — no ground truth required
  model ff5d05cc31c4d335…  operating point B+su
  spec  ELM 4096 / tanh
  trained on scripts/data/elm-archetype-corpus-v3-classtargeted.json  (1642 rows)

  /Users/nolanmoore/n-dx-elm-logs/guard-v2-heldout-160  (n=160)
    ELM predicts service/utility   70.0%      teacher says 62.5%
    distinct labels used: ELM 13 vs teacher 15
    COVERAGE  36.9%   K1' (>=30%): PASS
    ELM mix: utility 71, service 41, entrypoint 17, middleware 7, types 7, gateway 4, test-helper 4, route-handler 3, component 2, schema 1, model 1, config 1, cli-command 1
node exit=0
