=== PARITY CONTROL: GUARD input vs frozen v2 (must reproduce 33.8%) — provenance ===
date            : 2026-09-22T12:56:24Z
repo commit     : 719dd9857ade534d4aad8c44bf4a41c33a27bc97  (tree: 0 modified)
node            : v22.20.0
script sha256   : 4f71927cc59e22bb4fa1dfd3ea6ebf93f04cbe6cc3e805d6ea2d35eed0f8c2f0  (UNMODIFIED at HEAD)
frozen          : scripts/data/elm-frozen-model-v2.json
frozen sha256   : 3a41980dbf1efb89843ca4a9a3a174206a2911044cbde41dd669d6781c9ba751
frozen hash     : bbf076741c23703c66ac74008c9ffde282cb958d1eb779549bc64fc1ba31a95f
trained on      : scripts/data/elm-archetype-corpus-v2.json 464 rows
guard input     : /Users/nolanmoore/n-dx-elm-logs/guard-v2-heldout-160/.sourcevision/classifications.json sha256 0e48a1d8c2751fc166f263cd5bc1a34004c849d54071332cfc5e67fc80daff7b (exactly corpus v2 heldOut, 160 rows)
invocation      : node --max-old-space-size=6144 scripts/elm-coverage-check.mjs --frozen=scripts/data/elm-frozen-model-v2.json /Users/nolanmoore/n-dx-elm-logs/guard-v2-heldout-160
caveat          : coverage-check does not verify refitFingerprint; refit is faithful by construction, not verified
=== run output ===
✅ TFIDFVectorizer vocabulary capped at: 2890 terms.
Frozen-tier coverage check — no ground truth required
  model bbf076741c23703c…  operating point B+su
  spec  ELM 4096 / tanh
  trained on scripts/data/elm-archetype-corpus-v2.json  (464 rows)

  /Users/nolanmoore/n-dx-elm-logs/guard-v2-heldout-160  (n=160)
    ELM predicts service/utility   73.8%      teacher says 62.5%
    distinct labels used: ELM 10 vs teacher 15
    COVERAGE  33.8%   K1' (>=30%): PASS
    ELM mix: utility 84, service 34, entrypoint 21, types 6, test-helper 5, component 3, gateway 2, middleware 2, route-handler 2, config 1
node exit=0
