=== parity control — run provenance ===
date            : 2026-09-18T18:18:50Z
repo commit     : f92b4b866e6c928f487adbc5ffddf05f356814d2
branch          : Nolan-Work
node            : v22.20.0
script sha256   : bb2e6bc95bec89df6f03624cbfb4fa9659504ca83cf9071d893e07607c55ebbc
features sha256 : f0a637b87e1c0eaabb4a81e1769f519c4c3d4a1dadafc79142e6df21000d10d2
frozen v2 sha256: 3a41980dbf1efb89843ca4a9a3a174206a2911044cbde41dd669d6781c9ba751
invocation      : node --max-old-space-size=6144 scripts/elm-coverage-features.mjs --features=none
purpose         : PARITY CONTROL. The new feature-space harness must reproduce the committed
                  baseline (scripts/data/elm-coverage-v2.log, Jam, 2026-09-18) on the frozen v2
                  model with path-only features BEFORE it is allowed to report any structural
                  number. A new instrument that cannot reproduce the old instrument's result on
                  the old input is not measuring the same thing.
result          : PASS. All 16 measurement lines are IDENTICAL to the baseline log -- not only the
                  four coverage figures but the per-class "ELM mix" strings, which means the
                  per-file predictions are the same, not merely the aggregates.
note            : output was captured through `| tail -30`, so the first header lines of the run
                  are absent. The measurement lines are complete and are what the diff compared.
=== run output ===
    ELM predicts service/utility   73.8%      teacher says 62.5%
    distinct labels used: ELM 10 vs teacher 15
    COVERAGE  33.8%   K1' (>=30%): PASS
    ELM mix: utility 84, service 34, entrypoint 21, types 6, test-helper 5, component 3, gateway 2, middleware 2, route-handler 2, config 1

  gold set #2 packet — hono + trpc  [FRESH ecosystems]  (n=250)
    ELM predicts service/utility   80.0%      teacher says 48.4%
    distinct labels used: ELM 7 vs teacher 13
    COVERAGE  28.0%   K1' (>=30%): FAIL
    ELM mix: utility 181, entrypoint 22, types 19, service 19, route-handler 5, middleware 3, test-helper 1

    hono only  (n=81)
    ELM predicts service/utility   71.6%      teacher says 45.7%
    distinct labels used: ELM 6 vs teacher 8
    COVERAGE  35.8%   K1' (>=30%): PASS
    ELM mix: utility 57, types 18, middleware 3, entrypoint 1, test-helper 1, service 1

    trpc only  (n=169)
    ELM predicts service/utility   84.0%      teacher says 49.7%
    distinct labels used: ELM 5 vs teacher 12
    COVERAGE  24.3%   K1' (>=30%): FAIL
    ELM mix: utility 124, entrypoint 21, service 18, route-handler 5, types 1

  ── Against the pre-registered bar ─────────────────────────────────
  baseline (frozen v2, path-only, committed)   28.0%
  this run (fresh ecosystems)                  28.0%

  PARITY CONTROL: PASS — reproduces the committed baseline exactly
    expected  33.8% / 28.0% / 35.8% / 24.3%
    got       33.8% / 28.0% / 35.8% / 24.3%

[exited with code 0]
