=== PRIMARY: coverage, frozen v3-classtargeted, natural prior — provenance ===
date            : 2026-09-22T15:11:19Z
repo commit     : 719dd9857ade534d4aad8c44bf4a41c33a27bc97  (tree: 0 modified)
node            : v22.20.0
script sha256   : 4f71927cc59e22bb4fa1dfd3ea6ebf93f04cbe6cc3e805d6ea2d35eed0f8c2f0  (UNMODIFIED at HEAD)
frozen          : scripts/data/elm-frozen-model-v3-classtargeted.json
frozen sha256   : d3e88fb80a151b078917d2d663911dfa24074377a9694c4ab954832744ddeff3
frozen hash     : ff5d05cc31c4d3350b39b36fa6cc6e096711ebfdb45acd44275932f07e721e39
trained on      : scripts/data/elm-archetype-corpus-v3-classtargeted.json 1642 rows
guard input     : /Users/nolanmoore/n-dx-elm-logs/guard-v2-heldout-160/.sourcevision/classifications.json sha256 0e48a1d8c2751fc166f263cd5bc1a34004c849d54071332cfc5e67fc80daff7b (exactly corpus v2 heldOut, 160 rows)
invocation      : node --max-old-space-size=6144 scripts/elm-coverage-check.mjs --frozen=scripts/data/elm-frozen-model-v3-classtargeted.json
caveat          : coverage-check does not verify refitFingerprint; refit is faithful by construction, not verified
=== run output ===
✅ TFIDFVectorizer vocabulary capped at: 4000 terms.
Frozen-tier coverage check — no ground truth required
  model ff5d05cc31c4d335…  operating point B+su
  spec  ELM 4096 / tanh
  trained on scripts/data/elm-archetype-corpus-v3-classtargeted.json  (1642 rows)

  held-out split — n-dx-1 + AsterMind-Community-Edition + express + fastify + commerce + got + core + typeorm + nest + remix  [DEV, trained-on ecosystems]  (n=553)
    ELM predicts service/utility   45.4%      teacher says 40.9%
    distinct labels used: ELM 13 vs teacher 15
    COVERAGE  59.1%   K1' (>=30%): PASS
    ELM mix: utility 156, types 97, service 95, config 51, route-handler 34, entrypoint 29, middleware 28, model 24, schema 15, test-helper 14, gateway 5, cli-command 3, component 2

  gold set #2 packet — hono + trpc  [FRESH ecosystems]  (n=250)
    ELM predicts service/utility   58.8%      teacher says 48.4%
    distinct labels used: ELM 12 vs teacher 13
    COVERAGE  47.2%   K1' (>=30%): PASS
    ELM mix: service 130, types 45, route-handler 21, entrypoint 19, utility 17, model 8, gateway 3, config 2, middleware 2, schema 1, component 1, test-helper 1

    hono only  (n=81)
    ELM predicts service/utility   22.2%      teacher says 45.7%
    distinct labels used: ELM 8 vs teacher 8
    COVERAGE  80.2%   K1' (>=30%): PASS
    ELM mix: types 38, route-handler 19, service 12, utility 6, entrypoint 2, config 2, test-helper 1, middleware 1

    trpc only  (n=169)
    ELM predicts service/utility   76.3%      teacher says 49.7%
    distinct labels used: ELM 10 vs teacher 12
    COVERAGE  31.4%   K1' (>=30%): PASS
    ELM mix: service 118, entrypoint 17, utility 11, model 8, types 7, gateway 3, route-handler 2, schema 1, component 1, middleware 1

  ── The finding ────────────────────────────────────────────────────
  coverage  59.1% on trained-on ecosystems  ->  47.2% on fresh ones
  the model's class prior tracks the teacher where it was trained (45.4% vs 40.9%)
  and collapses where it was not (58.8% vs 48.4%).
  It learned this corpus's archetype prior, not a general path->archetype mapping.

  Consequence: K1' is a property of (model, repo), not of the model alone.
  That is a limitation of K1' as proposed, and it is recorded rather than buried.
node exit=0
